C:\Users\part\AppData\Local\Programs\Python\Python311\ronaldobundão.py
C:\Users\part\AppData\Local\Programs\Python\Python311\gostosa.py
C:\Users\part\Documents\mkkjnns.py
C:\Users\part\AppData\Local\Programs\Python\Python311\cornomanso2.py
C:\Users\part\AppData\Local\Programs\Python\Python311\media.py
C:\Users\part\AppData\Local\Programs\Python\Python311\projeto.py
C:\Users\part\AppData\Local\Programs\Python\Python311\ronaldoomerda.py
C:\Users\part\AppData\Local\Programs\Python\Python311\vadia2.py
C:\Users\part\AppData\Local\Programs\Python\Python311\verme maldito.py
C:\Users\part\AppData\Local\Programs\Python\Python311\velho broxa(ronaldo).py
C:\Users\part\AppData\Local\Programs\Python\Python311\cornomanso.py
C:\Users\part\AppData\Local\Programs\Python\Python311\vadia.py
C:\Users\part\AppData\Local\Programs\Python\Python311\media33.py
C:\Users\part\AppData\Local\Programs\Python\Python311\rola.py
C:\Users\part\AppData\Local\Programs\Python\Python311\pjnon.py
C:\Users\part\AppData\Local\Programs\Python\Python311\ee.py
C:\Users\part\AppData\Local\Programs\Python\Python311\hipermercado.py
C:\Users\part\AppData\Local\Programs\Python\Python311\fatorial.py
C:\Users\part\AppData\Local\Programs\Python\Python311\viagem.py
C:\Users\part\AppData\Local\Programs\Python\Python311\tomarnocu.py
C:\Users\part\AppData\Local\Programs\Python\Python311\otario.py
